
Allocating common symbols
Common symbol       size              file

interrupt_stacks    0x10              kernel/mips32/interrupt.mips32.o
thread_table        0x800             kernel/thread.mips32.o
process_entry_points
                    0x80              proc/process.mips32.o
scheduler_current_thread
                    0x10              kernel/scheduler.mips32.o
thread_stack_areas  0x20000           kernel/thread.mips32.o
thread_table_slock  0x4               kernel/thread.mips32.o
process_stack_tops  0x80              proc/process.mips32.o

Discarded input sections

 .reginfo       0x0000000000000000       0x18 kernel/panic.mips32.o
 .MIPS.abiflags
                0x0000000000000000       0x18 kernel/panic.mips32.o
 .reginfo       0x0000000000000000       0x18 kernel/thread.mips32.o
 .MIPS.abiflags
                0x0000000000000000       0x18 kernel/thread.mips32.o
 .reginfo       0x0000000000000000       0x18 kernel/scheduler.mips32.o
 .MIPS.abiflags
                0x0000000000000000       0x18 kernel/scheduler.mips32.o
 .reginfo       0x0000000000000000       0x18 kernel/sleepq.mips32.o
 .MIPS.abiflags
                0x0000000000000000       0x18 kernel/sleepq.mips32.o
 .reginfo       0x0000000000000000       0x18 kernel/semaphore.mips32.o
 .MIPS.abiflags
                0x0000000000000000       0x18 kernel/semaphore.mips32.o
 .reginfo       0x0000000000000000       0x18 kernel/halt.mips32.o
 .MIPS.abiflags
                0x0000000000000000       0x18 kernel/halt.mips32.o
 .reginfo       0x0000000000000000       0x18 kernel/stalloc.mips32.o
 .MIPS.abiflags
                0x0000000000000000       0x18 kernel/stalloc.mips32.o
 .reginfo       0x0000000000000000       0x18 lib/libc.mips32.o
 .MIPS.abiflags
                0x0000000000000000       0x18 lib/libc.mips32.o
 .reginfo       0x0000000000000000       0x18 lib/xprintf.mips32.o
 .MIPS.abiflags
                0x0000000000000000       0x18 lib/xprintf.mips32.o
 .reginfo       0x0000000000000000       0x18 lib/bitmap.mips32.o
 .MIPS.abiflags
                0x0000000000000000       0x18 lib/bitmap.mips32.o
 .reginfo       0x0000000000000000       0x18 lib/debug.mips32.o
 .MIPS.abiflags
                0x0000000000000000       0x18 lib/debug.mips32.o
 .reginfo       0x0000000000000000       0x18 drivers/bootargs.mips32.o
 .MIPS.abiflags
                0x0000000000000000       0x18 drivers/bootargs.mips32.o
 .reginfo       0x0000000000000000       0x18 drivers/disksched.mips32.o
 .MIPS.abiflags
                0x0000000000000000       0x18 drivers/disksched.mips32.o
 .reginfo       0x0000000000000000       0x18 drivers/timer.mips32.o
 .MIPS.abiflags
                0x0000000000000000       0x18 drivers/timer.mips32.o
 .reginfo       0x0000000000000000       0x18 proc/elf.mips32.o
 .MIPS.abiflags
                0x0000000000000000       0x18 proc/elf.mips32.o
 .reginfo       0x0000000000000000       0x18 proc/syscall.mips32.o
 .MIPS.abiflags
                0x0000000000000000       0x18 proc/syscall.mips32.o
 .reginfo       0x0000000000000000       0x18 proc/process.mips32.o
 .MIPS.abiflags
                0x0000000000000000       0x18 proc/process.mips32.o
 .reginfo       0x0000000000000000       0x18 fs/vfs.mips32.o
 .MIPS.abiflags
                0x0000000000000000       0x18 fs/vfs.mips32.o
 .reginfo       0x0000000000000000       0x18 fs/tfs.mips32.o
 .MIPS.abiflags
                0x0000000000000000       0x18 fs/tfs.mips32.o
 .reginfo       0x0000000000000000       0x18 fs/filesystems.mips32.o
 .MIPS.abiflags
                0x0000000000000000       0x18 fs/filesystems.mips32.o
 .reginfo       0x0000000000000000       0x18 lib/gcc/divdi3.mips32.o
 .MIPS.abiflags
                0x0000000000000000       0x18 lib/gcc/divdi3.mips32.o
 .reginfo       0x0000000000000000       0x18 lib/gcc/qdivrem.mips32.o
 .MIPS.abiflags
                0x0000000000000000       0x18 lib/gcc/qdivrem.mips32.o
 .reginfo       0x0000000000000000       0x18 lib/gcc/udivdi3.mips32.o
 .MIPS.abiflags
                0x0000000000000000       0x18 lib/gcc/udivdi3.mips32.o
 .reginfo       0x0000000000000000       0x18 lib/gcc/umoddi3.mips32.o
 .MIPS.abiflags
                0x0000000000000000       0x18 lib/gcc/umoddi3.mips32.o
 .reginfo       0x0000000000000000       0x18 init/mips32/_boot.mips32.o
 .MIPS.abiflags
                0x0000000000000000       0x18 init/mips32/_boot.mips32.o
 .reginfo       0x0000000000000000       0x18 kernel/mips32/_cswitch.mips32.o
 .MIPS.abiflags
                0x0000000000000000       0x18 kernel/mips32/_cswitch.mips32.o
 .reginfo       0x0000000000000000       0x18 kernel/mips32/_interrupt.mips32.o
 .MIPS.abiflags
                0x0000000000000000       0x18 kernel/mips32/_interrupt.mips32.o
 .reginfo       0x0000000000000000       0x18 kernel/mips32/_spinlock.mips32.o
 .MIPS.abiflags
                0x0000000000000000       0x18 kernel/mips32/_spinlock.mips32.o
[...]
Memory Configuration

Name             Origin             Length             Attributes
*default*        0x0000000000000000 0xffffffffffffffff

Linker script and memory map

                0x0000000080010000                . = 0x80010000

.text           0x0000000080010000     0x9c4c
 *(.text)
 .text          0x0000000080010000      0x258 init/common.mips32.o
                0x0000000080010000                init_startup_fallback
                0x00000000800101b8                init_startup_thread
 .text          0x0000000080010258       0x68 kernel/panic.mips32.o
                0x0000000080010258                _kernel_panic
 .text          0x00000000800102c0      0x420 kernel/thread.mips32.o
                0x00000000800102c0                thread_table_init
                0x0000000080010378                thread_create
                0x0000000080010508                thread_run
                0x0000000080010510                thread_switch
                0x000000008001053c                thread_get_current_thread
                0x000000008001058c                thread_finish
                0x0000000080010640                thread_get_thread_entry
                0x0000000080010654                thread_get_current_thread_entry
                0x00000000800106b0                thread_goto_userland
 .text          0x00000000800106e0      0x320 kernel/scheduler.mips32.o
                0x00000000800106e0                scheduler_init
                0x00000000800106fc                scheduler_add_to_ready_list
                0x00000000800107e8                scheduler_add_ready
                0x0000000080010858                scheduler_schedule
 .text          0x0000000080010a00      0x488 kernel/sleepq.mips32.o
                0x0000000080010a00                sleepq_init
                0x0000000080010a30                sleepq_add
                0x0000000080010b78                sleepq_wake
                0x0000000080010cec                sleepq_wake_all
 .text          0x0000000080010e88      0x2a4 kernel/semaphore.mips32.o
                0x0000000080010e88                semaphore_init
                0x0000000080010ed0                semaphore_create
                0x0000000080011018                semaphore_destroy
                0x0000000080011024                semaphore_P
                0x00000000800110ac                semaphore_V
 .text          0x000000008001112c       0x3c kernel/halt.mips32.o
                0x000000008001112c                halt_kernel
 .text          0x0000000080011168       0xfc kernel/stalloc.mips32.o
                0x0000000080011168                stalloc_disable
                0x0000000080011178                stalloc_init
                0x000000008001118c                stalloc
 .text          0x0000000080011264      0x484 lib/libc.mips32.o
                0x0000000080011264                kwrite
                0x00000000800112ac                kread
                0x000000008001132c                stringcmp
                0x00000000800113a8                stringcopy
                0x0000000080011444                memcopy
                0x0000000080011514                memoryset
                0x000000008001153c                atoi
                0x0000000080011624                strlen
                0x000000008001165c                swap16
                0x0000000080011674                swap32
                0x00000000800116a4                from_big_endian16
                0x00000000800116ac                from_big_endian32
                0x00000000800116b4                to_big_endian16
                0x00000000800116bc                to_big_endian32
                0x00000000800116c4                wordpad
 .text          0x00000000800116e8      0xb88 lib/xprintf.mips32.o
                0x0000000080012104                kvprintf
                0x000000008001218c                kprintf
                0x000000008001221c                vsnprintf
                0x0000000080012240                snprintf
 .text          0x0000000080012270      0x3b8 lib/bitmap.mips32.o
                0x0000000080012270                bitmap_sizeof
                0x0000000080012298                bitmap_init
                0x0000000080012324                bitmap_get
                0x00000000800123f4                bitmap_set
                0x0000000080012514                bitmap_findnset
 .text          0x0000000080012628       0x44 lib/debug.mips32.o
                0x0000000080012628                DEBUG
 .text          0x000000008001266c      0x27c drivers/bootargs.mips32.o
                0x000000008001266c                bootargs_init
                0x000000008001285c                bootargs_get
 .text          0x00000000800128e8       0x44 drivers/disksched.mips32.o
                0x00000000800128e8                disksched_schedule
 .text          0x000000008001292c       0x34 drivers/timer.mips32.o
                0x000000008001292c                timer_set_ticks
 .text          0x0000000080012960      0x374 proc/elf.mips32.o
                0x0000000080012960                elf_parse_header
 .text          0x0000000080012cd4       0xd4 proc/syscall.mips32.o
                0x0000000080012cd4                syscall_entry
 .text          0x0000000080012da8      0x88c proc/process.mips32.o
                0x0000000080012da8                process_run
                0x0000000080012e28                setup_new_process
                0x0000000080013300                process_start
                0x00000000800133bc                process_spawn_silly
                0x0000000080013444                process_exit_silly
                0x0000000080013484                process_read
                0x0000000080013558                process_write
 .text          0x0000000080013634     0x1538 fs/vfs.mips32.o
                0x00000000800138d8                vfs_init
                0x00000000800139c4                vfs_deinit
                0x0000000080013b34                vfs_mount
                0x0000000080013cc8                vfs_mount_fs
                0x0000000080013dc4                vfs_mount_all
                0x0000000080013e4c                vfs_unmount
                0x0000000080013fc0                vfs_open
                0x00000000800141b0                vfs_close
                0x0000000080014240                vfs_seek
                0x00000000800142e8                vfs_read
                0x00000000800143c8                vfs_write
                0x00000000800144a8                vfs_create
                0x00000000800145f0                vfs_remove
                0x0000000080014704                vfs_getfree
                0x00000000800147fc                vfs_filecount
                0x0000000080014980                vfs_file
 .text          0x0000000080014b6c     0x13cc fs/tfs.mips32.o
                0x0000000080014b6c                tfs_close
                0x0000000080014b74                tfs_unmount
                0x0000000080014bcc                tfs_open
                0x0000000080014cf8                tfs_filecount
                0x0000000080014dd0                tfs_file
                0x0000000080014f00                tfs_create
                0x00000000800152ac                tfs_remove
                0x0000000080015540                tfs_read
                0x000000008001583c                tfs_write
                0x0000000080015c28                tfs_getfree
                0x0000000080015d00                tfs_init
 .text          0x0000000080015f38      0x49c fs/filesystems.mips32.o
                0x0000000080015f38                get_partition
                0x000000008001602c                read_extended_partition_table
                0x00000000800161bc                filesystems_try_all
 .text          0x00000000800163d4       0xac lib/gcc/divdi3.mips32.o
                0x00000000800163d4                __divdi3
 .text          0x0000000080016480      0x51c lib/gcc/qdivrem.mips32.o
                0x00000000800164dc                __qdivrem
 .text          0x000000008001699c       0x24 lib/gcc/udivdi3.mips32.o
                0x000000008001699c                __udivdi3
 .text          0x00000000800169c0       0x2c lib/gcc/umoddi3.mips32.o
                0x00000000800169c0                __umoddi3
 .text          0x00000000800169ec       0x60 init/mips32/_boot.mips32.o
                0x00000000800169ec                _start
 .text          0x0000000080016a4c      0x350 kernel/mips32/_cswitch.mips32.o
                0x0000000080016a4c                _cswitch_vector_code
                0x0000000080016a6c                _cswitch_switch
                0x0000000080016d74                _cswitch_to_userland
 .text          0x0000000080016d9c      0x120 kernel/mips32/_interrupt.mips32.o
                0x0000000080016d9c                _interrupt_disable
                0x0000000080016db8                _interrupt_enable
                0x0000000080016dd0                _interrupt_set_state
                0x0000000080016df4                _interrupt_get_state
                0x0000000080016e00                _interrupt_yield
                0x0000000080016e18                _interrupt_clear_sw
                0x0000000080016e30                _interrupt_clear_sw0
                0x0000000080016e48                _interrupt_clear_sw1
                0x0000000080016e60                _interrupt_clear_bootstrap
                0x0000000080016e7c                _interrupt_getcpu
                0x0000000080016e8c                _interrupt_clear_EXL
                0x0000000080016ea4                _interrupt_set_EXL
 .text          0x0000000080016ebc       0x30 kernel/mips32/_spinlock.mips32.o
                0x0000000080016ebc                spinlock_reset
                0x0000000080016ebc                spinlock_release
                0x0000000080016ec8                spinlock_acquire
 .text          0x0000000080016eec        0xc kernel/mips32/idle.mips32.o
                0x0000000080016eec                _idle_thread_wait_loop
 .text          0x0000000080016ef8      0x15c vm/mips32/_tlb.mips32.o
                0x0000000080016ef8                _tlb_get_exception_state
                0x0000000080016f1c                _tlb_set_asid
                0x0000000080016f3c                _tlb_get_maxindex
                0x0000000080016f50                _tlb_probe
                0x0000000080016f68                _tlb_read
                0x0000000080016fcc                _tlb_write
                0x0000000080017030                _tlb_write_random
 .text          0x0000000080017054       0x4c lib/mips32/rand.mips32.o
                0x0000000080017054                _set_rand_seed
                0x0000000080017064                _get_rand
 .text          0x00000000800170a0       0x14 drivers/mips32/_timer.mips32.o
                0x00000000800170a0                _timer_set_ticks
 .text          0x00000000800170b4      0x100 vm/memory.mips32.o
                0x00000000800170b4                vm_memwrite
 .text          0x00000000800171b4      0x278 init/mips32/main.mips32.o
                0x00000000800171b4                init
 .text          0x000000008001742c       0x54 kernel/mips32/cswitch.mips32.o
                0x000000008001742c                _context_init
                0x0000000080017450                _context_enter_userland
                0x0000000080017464                _context_set_ip
                0x000000008001746c                _context_enable_ints
                0x0000000080017478                _context_set_sp
 .text          0x0000000080017480      0x37c kernel/mips32/interrupt.mips32.o
                0x0000000080017480                interrupt_init
                0x00000000800175a4                interrupt_register
                0x0000000080017674                interrupt_handle
                0x00000000800177c0                _interrupt_is_disabled
 .text          0x00000000800177fc      0x290 kernel/mips32/exception.mips32.o
                0x0000000080017834                kernel_exception_handle
 .text          0x0000000080017a8c      0x604 vm/mips32/mm_virt.mips32.o
                0x0000000080017a8c                vm_init
                0x0000000080017aa8                vm_create_pagetable
                0x0000000080017af4                vm_destroy_pagetable
                0x0000000080017b04                vm_map
                0x0000000080017e3c                vm_unmap
                0x0000000080017e44                vm_getmap
                0x0000000080017ef4                vm_set_dirty
 .text          0x0000000080018090       0xc8 vm/mips32/tlb.mips32.o
                0x0000000080018090                tlb_modified_exception
                0x00000000800180a8                tlb_load_exception
                0x00000000800180c0                tlb_store_exception
                0x00000000800180d8                tlb_fill
 .text          0x0000000080018158      0x37c vm/mips32/mm_phys.mips32.o
                0x0000000080018158                physmem_get_size
                0x00000000800181d8                physmem_get_reserved_size
                0x000000008001825c                physmem_init
                0x0000000080018330                physmem_allocblock
                0x00000000800183fc                physmem_freeblock
 .text          0x00000000800184d4      0x5b0 drivers/mips32/disk.mips32.o
                0x0000000080018958                disk_init
 .text          0x0000000080018a84      0x478 drivers/mips32/metadev.mips32.o
                0x0000000080018b04                cpustatus_interrupt_handle
                0x0000000080018b90                rtc_init
                0x0000000080018c00                rtc_get_msec
                0x0000000080018c18                rtc_get_clockspeed
                0x0000000080018c30                meminfo_init
                0x0000000080018ca0                meminfo_get_pages
                0x0000000080018cb8                cpustatus_init
                0x0000000080018d58                cpustatus_count
                0x0000000080018da0                cpustatus_generate_irq
                0x0000000080018e20                shutdown_init
                0x0000000080018e90                shutdown
 .text          0x0000000080018efc       0xe8 drivers/mips32/polltty.mips32.o
                0x0000000080018efc                polltty_init
                0x0000000080018f5c                polltty_getchar
                0x0000000080018f9c                polltty_putchar
 .text          0x0000000080018fe4      0x7dc drivers/mips32/tty.mips32.o
                0x000000008001938c                tty_interrupt_handle
                0x0000000080019604                tty_init
 .text          0x00000000800197c0      0x1dc drivers/mips32/device.mips32.o
                0x00000000800197c0                device_init
                0x000000008001993c                device_get
 .text          0x000000008001999c        0x0 drivers/mips32/drivers.mips32.o
 .text          0x000000008001999c      0x234 proc/mips32/exception.mips32.o
                0x000000008001999c                user_exception_handle
 .text          0x0000000080019bd0       0x48 proc/mips32/_syscall.mips32.o
                0x0000000080019bd0                syscall_handle
 .text          0x0000000080019c18       0x34 proc/mips32/_proc.mips32.o
                0x0000000080019c18                process_set_pagetable

.rodata         0x0000000080019c4c     0x1694
 *(.rodata .rodata.*)
 .rodata.str1.4
                0x0000000080019c4c      0x172 init/common.mips32.o
 *fill*         0x0000000080019dbe        0x2 
 .rodata.str1.4
                0x0000000080019dc0       0x26 kernel/panic.mips32.o
 *fill*         0x0000000080019de6        0x2 
 .rodata.str1.4
                0x0000000080019de8       0x6b kernel/thread.mips32.o
                                         0x7f (size before relaxing)
 *fill*         0x0000000080019e53        0x1 
 .rodata.str1.4
                0x0000000080019e54       0x13 kernel/scheduler.mips32.o
                                         0x27 (size before relaxing)
 *fill*         0x0000000080019e67        0x1 
 .rodata.str1.4
                0x0000000080019e68       0x10 kernel/sleepq.mips32.o
                                         0x24 (size before relaxing)
 .rodata.str1.4
                0x0000000080019e78       0x13 kernel/semaphore.mips32.o
                                         0x27 (size before relaxing)
 *fill*         0x0000000080019e8b        0x1 
 .rodata.str1.4
                0x0000000080019e8c       0x54 kernel/halt.mips32.o
 .rodata.str1.4
                0x0000000080019ee0       0xa4 kernel/stalloc.mips32.o
 .rodata        0x0000000080019f84      0x10c lib/xprintf.mips32.o
 .rodata.str1.4
                0x000000008001a090       0x2c lib/bitmap.mips32.o
                                         0x40 (size before relaxing)
 .rodata.str1.4
                0x000000008001a0bc       0x2c drivers/bootargs.mips32.o
                                          0x1 (size before relaxing)
 .rodata.str1.4
                0x000000008001a0bc       0x27 proc/syscall.mips32.o
 *fill*         0x000000008001a0e3        0x1 
 .rodata.str1.4
                0x000000008001a0e4       0x52 proc/process.mips32.o
                                         0x66 (size before relaxing)
 *fill*         0x000000008001a136        0x2 
 .rodata.str1.4
                0x000000008001a138      0x2d1 fs/vfs.mips32.o
                                        0x2e5 (size before relaxing)
 *fill*         0x000000008001a409        0x3 
 .rodata.str1.4
                0x000000008001a40c       0xd2 fs/tfs.mips32.o
                                         0xd6 (size before relaxing)
 *fill*         0x000000008001a4de        0x2 
 .rodata.str1.4
                0x000000008001a4e0       0xa0 fs/filesystems.mips32.o
 .rodata.str1.4
                0x000000008001a580        0xc vm/memory.mips32.o
                                         0x20 (size before relaxing)
 .rodata.str1.4
                0x000000008001a58c      0x3cd init/mips32/main.mips32.o
                                        0x3e5 (size before relaxing)
 *fill*         0x000000008001a959        0x3 
 .rodata.str1.4
                0x000000008001a95c       0xd2 kernel/mips32/interrupt.mips32.o
 *fill*         0x000000008001aa2e        0x2 
 .rodata.str1.4
                0x000000008001aa30      0x272 kernel/mips32/exception.mips32.o
 *fill*         0x000000008001aca2        0x2 
 .rodata        0x000000008001aca4       0x38 kernel/mips32/exception.mips32.o
 .rodata.str1.4
                0x000000008001acdc      0x10c vm/mips32/mm_virt.mips32.o
                                        0x120 (size before relaxing)
 .rodata.str1.4
                0x000000008001ade8       0x72 vm/mips32/tlb.mips32.o
                                         0x85 (size before relaxing)
 *fill*         0x000000008001ae5a        0x2 
 .rodata.str1.4
                0x000000008001ae5c       0xc9 vm/mips32/mm_phys.mips32.o
                                         0xdd (size before relaxing)
 *fill*         0x000000008001af25        0x3 
 .rodata.str1.4
                0x000000008001af28       0x9b drivers/mips32/disk.mips32.o
                                         0xaf (size before relaxing)
 *fill*         0x000000008001afc3        0x1 
 .rodata.str1.4
                0x000000008001afc4      0x134 drivers/mips32/metadev.mips32.o
                                        0x148 (size before relaxing)
 .rodata.str1.4
                0x000000008001b0f8       0x96 drivers/mips32/tty.mips32.o
 *fill*         0x000000008001b18e        0x2 
 .rodata.str1.4
                0x000000008001b190       0xaa drivers/mips32/device.mips32.o
 *fill*         0x000000008001b23a        0x2 
 .rodata.str1.4
                0x000000008001b23c       0x51 drivers/mips32/drivers.mips32.o
 *fill*         0x000000008001b28d        0x3 
 .rodata.str1.4
                0x000000008001b290       0x18 proc/mips32/exception.mips32.o
                                        0x1da (size before relaxing)
 .rodata        0x000000008001b2a8       0x38 proc/mips32/exception.mips32.o

.MIPS.abiflags  0x000000008001b2e0       0x18
 .MIPS.abiflags
                0x000000008001b2e0       0x18 init/common.mips32.o

.rel.dyn        0x000000008001b2f8        0x0
 .rel.dyn       0x000000008001b2f8        0x0 fs/filesystems.mips32.o

.data           0x000000008001b2f8       0x7c
 *(.data)
 .data          0x000000008001b2f8        0x0 init/common.mips32.o
 .data          0x000000008001b2f8        0x0 kernel/panic.mips32.o
 .data          0x000000008001b2f8        0x0 kernel/thread.mips32.o
 .data          0x000000008001b2f8        0x8 kernel/scheduler.mips32.o
 .data          0x000000008001b300        0x0 kernel/sleepq.mips32.o
 .data          0x000000008001b300        0x0 kernel/semaphore.mips32.o
 .data          0x000000008001b300        0x0 kernel/halt.mips32.o
 .data          0x000000008001b300        0x0 kernel/stalloc.mips32.o
 .data          0x000000008001b300        0x0 lib/libc.mips32.o
 .data          0x000000008001b300        0x0 lib/xprintf.mips32.o
 .data          0x000000008001b300        0x0 lib/bitmap.mips32.o
 .data          0x000000008001b300        0x0 lib/debug.mips32.o
 .data          0x000000008001b300        0x0 drivers/bootargs.mips32.o
 .data          0x000000008001b300        0x0 drivers/disksched.mips32.o
 .data          0x000000008001b300        0x0 drivers/timer.mips32.o
 .data          0x000000008001b300        0x0 proc/elf.mips32.o
 .data          0x000000008001b300        0x0 proc/syscall.mips32.o
 .data          0x000000008001b300        0x0 proc/process.mips32.o
 .data          0x000000008001b300        0x0 fs/vfs.mips32.o
 .data          0x000000008001b300        0x0 fs/tfs.mips32.o
 .data          0x000000008001b300       0x10 fs/filesystems.mips32.o
 .data          0x000000008001b310        0x0 lib/gcc/divdi3.mips32.o
 .data          0x000000008001b310        0x4 lib/gcc/qdivrem.mips32.o
 .data          0x000000008001b314        0x0 lib/gcc/udivdi3.mips32.o
 .data          0x000000008001b314        0x0 lib/gcc/umoddi3.mips32.o
 .data          0x000000008001b314        0x0 init/mips32/_boot.mips32.o
 .data          0x000000008001b314        0x0 kernel/mips32/_cswitch.mips32.o
 .data          0x000000008001b314        0x0 kernel/mips32/_interrupt.mips32.o
 .data          0x000000008001b314        0x0 kernel/mips32/_spinlock.mips32.o
 .data          0x000000008001b314        0x0 kernel/mips32/idle.mips32.o
 .data          0x000000008001b314        0x0 vm/mips32/_tlb.mips32.o
 .data          0x000000008001b314        0xc lib/mips32/rand.mips32.o
 .data          0x000000008001b320        0x0 drivers/mips32/_timer.mips32.o
 .data          0x000000008001b320        0x0 vm/memory.mips32.o
 .data          0x000000008001b320        0x0 init/mips32/main.mips32.o
 .data          0x000000008001b320        0x0 kernel/mips32/cswitch.mips32.o
 .data          0x000000008001b320        0x0 kernel/mips32/interrupt.mips32.o
 .data          0x000000008001b320        0x0 kernel/mips32/exception.mips32.o
 .data          0x000000008001b320        0x0 vm/mips32/mm_virt.mips32.o
 .data          0x000000008001b320        0x0 vm/mips32/tlb.mips32.o
 .data          0x000000008001b320        0x0 vm/mips32/mm_phys.mips32.o
 .data          0x000000008001b320        0x0 drivers/mips32/disk.mips32.o
 .data          0x000000008001b320        0x0 drivers/mips32/metadev.mips32.o
 .data          0x000000008001b320        0x0 drivers/mips32/polltty.mips32.o
 .data          0x000000008001b320        0x0 drivers/mips32/tty.mips32.o
 .data          0x000000008001b320        0x0 drivers/mips32/device.mips32.o
 .data          0x000000008001b320       0x54 drivers/mips32/drivers.mips32.o
                0x000000008001b320                drivers_available
 .data          0x000000008001b374        0x0 proc/mips32/exception.mips32.o
 .data          0x000000008001b374        0x0 proc/mips32/_syscall.mips32.o
 .data          0x000000008001b374        0x0 proc/mips32/_proc.mips32.o

.bss            0x000000008001b374    0x2335c
 *(.bss COMMON)
 .bss           0x000000008001b374        0x0 init/common.mips32.o
 .bss           0x000000008001b374        0x0 kernel/panic.mips32.o
 .bss           0x000000008001b374        0x4 kernel/thread.mips32.o
 COMMON         0x000000008001b378    0x20804 kernel/thread.mips32.o
                0x000000008001b378                thread_table
                0x000000008001bb78                thread_stack_areas
                0x000000008003bb78                thread_table_slock
 .bss           0x000000008003bb7c        0x0 kernel/scheduler.mips32.o
 COMMON         0x000000008003bb7c       0x10 kernel/scheduler.mips32.o
                0x000000008003bb7c                scheduler_current_thread
 .bss           0x000000008003bb8c      0x200 kernel/sleepq.mips32.o
 .bss           0x000000008003bd8c      0x608 kernel/semaphore.mips32.o
 .bss           0x000000008003c394        0x0 kernel/halt.mips32.o
 .bss           0x000000008003c394        0x4 kernel/stalloc.mips32.o
 .bss           0x000000008003c398        0x0 lib/libc.mips32.o
 .bss           0x000000008003c398        0x4 lib/xprintf.mips32.o
                0x000000008003c398                kprintf_slock
 .bss           0x000000008003c39c        0x0 lib/bitmap.mips32.o
 .bss           0x000000008003c39c        0x0 lib/debug.mips32.o
 .bss           0x000000008003c39c      0x100 drivers/bootargs.mips32.o
 .bss           0x000000008003c49c        0x0 drivers/disksched.mips32.o
 .bss           0x000000008003c49c        0x0 drivers/timer.mips32.o
 .bss           0x000000008003c49c        0x0 proc/elf.mips32.o
 .bss           0x000000008003c49c        0x0 proc/syscall.mips32.o
 .bss           0x000000008003c49c        0x0 proc/process.mips32.o
 COMMON         0x000000008003c49c      0x100 proc/process.mips32.o
                0x000000008003c49c                process_entry_points
                0x000000008003c51c                process_stack_tops
 .bss           0x000000008003c59c     0x18b8 fs/vfs.mips32.o
 .bss           0x000000008003de54        0x0 fs/tfs.mips32.o
 .bss           0x000000008003de54        0x0 fs/filesystems.mips32.o
 .bss           0x000000008003de54        0x0 lib/gcc/divdi3.mips32.o
 .bss           0x000000008003de54        0x0 lib/gcc/qdivrem.mips32.o
 .bss           0x000000008003de54        0x0 lib/gcc/udivdi3.mips32.o
 .bss           0x000000008003de54        0x0 lib/gcc/umoddi3.mips32.o
 .bss           0x000000008003de54        0x0 init/mips32/_boot.mips32.o
 .bss           0x000000008003de54        0x0 kernel/mips32/_cswitch.mips32.o
 .bss           0x000000008003de54        0x0 kernel/mips32/_interrupt.mips32.o
 .bss           0x000000008003de54        0x0 kernel/mips32/_spinlock.mips32.o
 .bss           0x000000008003de54        0x0 kernel/mips32/idle.mips32.o
 .bss           0x000000008003de54        0x0 vm/mips32/_tlb.mips32.o
 .bss           0x000000008003de54        0x0 lib/mips32/rand.mips32.o
 .bss           0x000000008003de54        0x0 drivers/mips32/_timer.mips32.o
 .bss           0x000000008003de54        0x0 vm/memory.mips32.o
 .bss           0x000000008003de54        0x4 init/mips32/main.mips32.o
                0x000000008003de54                kernel_bootstrap_finished
 .bss           0x000000008003de58        0x0 kernel/mips32/cswitch.mips32.o
 .bss           0x000000008003de58      0x600 kernel/mips32/interrupt.mips32.o
 COMMON         0x000000008003e458       0x10 kernel/mips32/interrupt.mips32.o
                0x000000008003e458                interrupt_stacks
 .bss           0x000000008003e468        0x0 kernel/mips32/exception.mips32.o
 .bss           0x000000008003e468        0x0 vm/mips32/mm_virt.mips32.o
 .bss           0x000000008003e468        0x0 vm/mips32/tlb.mips32.o
 .bss           0x000000008003e468       0x14 vm/mips32/mm_phys.mips32.o
 .bss           0x000000008003e47c        0x0 drivers/mips32/disk.mips32.o
 .bss           0x000000008003e47c       0x48 drivers/mips32/metadev.mips32.o
 .bss           0x000000008003e4c4        0x4 drivers/mips32/polltty.mips32.o
 .bss           0x000000008003e4c8        0x4 drivers/mips32/tty.mips32.o
 .bss           0x000000008003e4cc      0x204 drivers/mips32/device.mips32.o
 .bss           0x000000008003e6d0        0x0 drivers/mips32/drivers.mips32.o
 .bss           0x000000008003e6d0        0x0 proc/mips32/exception.mips32.o
 .bss           0x000000008003e6d0        0x0 proc/mips32/_syscall.mips32.o
 .bss           0x000000008003e6d0        0x0 proc/mips32/_proc.mips32.o
                0x000000008003e6d0                KERNEL_ENDS_HERE = .
LOAD init/common.mips32.o
LOAD kernel/panic.mips32.o
LOAD kernel/thread.mips32.o
LOAD kernel/scheduler.mips32.o
LOAD kernel/sleepq.mips32.o
LOAD kernel/semaphore.mips32.o
LOAD kernel/halt.mips32.o
LOAD kernel/stalloc.mips32.o
LOAD lib/libc.mips32.o
LOAD lib/xprintf.mips32.o
LOAD lib/bitmap.mips32.o
LOAD lib/debug.mips32.o
LOAD drivers/bootargs.mips32.o
LOAD drivers/disksched.mips32.o
LOAD drivers/timer.mips32.o
LOAD proc/elf.mips32.o
LOAD proc/syscall.mips32.o
LOAD proc/process.mips32.o
LOAD fs/vfs.mips32.o
LOAD fs/tfs.mips32.o
LOAD fs/filesystems.mips32.o
LOAD lib/gcc/divdi3.mips32.o
LOAD lib/gcc/qdivrem.mips32.o
LOAD lib/gcc/udivdi3.mips32.o
LOAD lib/gcc/umoddi3.mips32.o
LOAD init/mips32/_boot.mips32.o
LOAD kernel/mips32/_cswitch.mips32.o
LOAD kernel/mips32/_interrupt.mips32.o
LOAD kernel/mips32/_spinlock.mips32.o
LOAD kernel/mips32/idle.mips32.o
LOAD vm/mips32/_tlb.mips32.o
LOAD lib/mips32/rand.mips32.o
LOAD drivers/mips32/_timer.mips32.o
LOAD vm/memory.mips32.o
LOAD init/mips32/main.mips32.o
LOAD kernel/mips32/cswitch.mips32.o
LOAD kernel/mips32/interrupt.mips32.o
LOAD kernel/mips32/exception.mips32.o
LOAD vm/mips32/mm_virt.mips32.o
LOAD vm/mips32/tlb.mips32.o
LOAD vm/mips32/mm_phys.mips32.o
LOAD drivers/mips32/disk.mips32.o
LOAD drivers/mips32/metadev.mips32.o
LOAD drivers/mips32/polltty.mips32.o
LOAD drivers/mips32/tty.mips32.o
LOAD drivers/mips32/device.mips32.o
LOAD drivers/mips32/drivers.mips32.o
LOAD proc/mips32/exception.mips32.o
LOAD proc/mips32/_syscall.mips32.o
LOAD proc/mips32/_proc.mips32.o
OUTPUT(kudos-mips32 elf32-bigmips)

.reginfo        0x0000000000000000       0x18
 .reginfo       0x0000000000000000       0x18 init/common.mips32.o

.pdr            0x0000000000000000     0x1940
 .pdr           0x0000000000000000       0x40 init/common.mips32.o
 .pdr           0x0000000000000040       0x20 kernel/panic.mips32.o
 .pdr           0x0000000000000060      0x120 kernel/thread.mips32.o
 .pdr           0x0000000000000180       0x80 kernel/scheduler.mips32.o
 .pdr           0x0000000000000200       0x80 kernel/sleepq.mips32.o
 .pdr           0x0000000000000280       0xa0 kernel/semaphore.mips32.o
 .pdr           0x0000000000000320       0x20 kernel/halt.mips32.o
 .pdr           0x0000000000000340       0x60 kernel/stalloc.mips32.o
 .pdr           0x00000000000003a0      0x1e0 lib/libc.mips32.o
 .pdr           0x0000000000000580       0xe0 lib/xprintf.mips32.o
 .pdr           0x0000000000000660       0xa0 lib/bitmap.mips32.o
 .pdr           0x0000000000000700       0x20 lib/debug.mips32.o
 .pdr           0x0000000000000720       0x40 drivers/bootargs.mips32.o
 .pdr           0x0000000000000760       0x20 drivers/disksched.mips32.o
 .pdr           0x0000000000000780       0x20 drivers/timer.mips32.o
 .pdr           0x00000000000007a0       0x20 proc/elf.mips32.o
 .pdr           0x00000000000007c0       0x20 proc/syscall.mips32.o
 .pdr           0x00000000000007e0       0xe0 proc/process.mips32.o
 .pdr           0x00000000000008c0      0x280 fs/vfs.mips32.o
 .pdr           0x0000000000000b40      0x160 fs/tfs.mips32.o
 .pdr           0x0000000000000ca0       0x60 fs/filesystems.mips32.o
 .pdr           0x0000000000000d00       0x20 lib/gcc/divdi3.mips32.o
 .pdr           0x0000000000000d20       0x40 lib/gcc/qdivrem.mips32.o
 .pdr           0x0000000000000d60       0x20 lib/gcc/udivdi3.mips32.o
 .pdr           0x0000000000000d80       0x20 lib/gcc/umoddi3.mips32.o
 .pdr           0x0000000000000da0       0x40 init/mips32/_boot.mips32.o
 .pdr           0x0000000000000de0       0xa0 kernel/mips32/_cswitch.mips32.o
 .pdr           0x0000000000000e80      0x180 kernel/mips32/_interrupt.mips32.o
 .pdr           0x0000000000001000       0x40 kernel/mips32/_spinlock.mips32.o
 .pdr           0x0000000000001040       0x20 kernel/mips32/idle.mips32.o
 .pdr           0x0000000000001060       0xe0 vm/mips32/_tlb.mips32.o
 .pdr           0x0000000000001140       0x40 lib/mips32/rand.mips32.o
 .pdr           0x0000000000001180       0x20 drivers/mips32/_timer.mips32.o
 .pdr           0x00000000000011a0       0x20 vm/memory.mips32.o
 .pdr           0x00000000000011c0       0x20 init/mips32/main.mips32.o
 .pdr           0x00000000000011e0       0xa0 kernel/mips32/cswitch.mips32.o
 .pdr           0x0000000000001280       0x80 kernel/mips32/interrupt.mips32.o
 .pdr           0x0000000000001300       0x40 kernel/mips32/exception.mips32.o
 .pdr           0x0000000000001340       0xe0 vm/mips32/mm_virt.mips32.o
 .pdr           0x0000000000001420       0x80 vm/mips32/tlb.mips32.o
 .pdr           0x00000000000014a0       0xa0 vm/mips32/mm_phys.mips32.o
 .pdr           0x0000000000001540      0x100 drivers/mips32/disk.mips32.o
 .pdr           0x0000000000001640      0x180 drivers/mips32/metadev.mips32.o
 .pdr           0x00000000000017c0       0x60 drivers/mips32/polltty.mips32.o
 .pdr           0x0000000000001820       0x80 drivers/mips32/tty.mips32.o
 .pdr           0x00000000000018a0       0x40 drivers/mips32/device.mips32.o
 .pdr           0x00000000000018e0        0x0 drivers/mips32/drivers.mips32.o
 .pdr           0x00000000000018e0       0x20 proc/mips32/exception.mips32.o
 .pdr           0x0000000000001900       0x20 proc/mips32/_syscall.mips32.o
 .pdr           0x0000000000001920       0x20 proc/mips32/_proc.mips32.o

.mdebug.abi32   0x0000000000000000        0x0
 .mdebug.abi32  0x0000000000000000        0x0 init/common.mips32.o
 .mdebug.abi32  0x0000000000000000        0x0 kernel/panic.mips32.o
 .mdebug.abi32  0x0000000000000000        0x0 kernel/thread.mips32.o
 .mdebug.abi32  0x0000000000000000        0x0 kernel/scheduler.mips32.o
 .mdebug.abi32  0x0000000000000000        0x0 kernel/sleepq.mips32.o
 .mdebug.abi32  0x0000000000000000        0x0 kernel/semaphore.mips32.o
 .mdebug.abi32  0x0000000000000000        0x0 kernel/halt.mips32.o
 .mdebug.abi32  0x0000000000000000        0x0 kernel/stalloc.mips32.o
 .mdebug.abi32  0x0000000000000000        0x0 lib/libc.mips32.o
 .mdebug.abi32  0x0000000000000000        0x0 lib/xprintf.mips32.o
 .mdebug.abi32  0x0000000000000000        0x0 lib/bitmap.mips32.o
 .mdebug.abi32  0x0000000000000000        0x0 lib/debug.mips32.o
 .mdebug.abi32  0x0000000000000000        0x0 drivers/bootargs.mips32.o
 .mdebug.abi32  0x0000000000000000        0x0 drivers/disksched.mips32.o
 .mdebug.abi32  0x0000000000000000        0x0 drivers/timer.mips32.o
 .mdebug.abi32  0x0000000000000000        0x0 proc/elf.mips32.o
 .mdebug.abi32  0x0000000000000000        0x0 proc/syscall.mips32.o
 .mdebug.abi32  0x0000000000000000        0x0 proc/process.mips32.o
 .mdebug.abi32  0x0000000000000000        0x0 fs/vfs.mips32.o
 .mdebug.abi32  0x0000000000000000        0x0 fs/tfs.mips32.o
 .mdebug.abi32  0x0000000000000000        0x0 fs/filesystems.mips32.o
 .mdebug.abi32  0x0000000000000000        0x0 lib/gcc/divdi3.mips32.o
 .mdebug.abi32  0x0000000000000000        0x0 lib/gcc/qdivrem.mips32.o
 .mdebug.abi32  0x0000000000000000        0x0 lib/gcc/udivdi3.mips32.o
 .mdebug.abi32  0x0000000000000000        0x0 lib/gcc/umoddi3.mips32.o
 .mdebug.abi32  0x0000000000000000        0x0 vm/memory.mips32.o
 .mdebug.abi32  0x0000000000000000        0x0 init/mips32/main.mips32.o
 .mdebug.abi32  0x0000000000000000        0x0 kernel/mips32/cswitch.mips32.o
 .mdebug.abi32  0x0000000000000000        0x0 kernel/mips32/interrupt.mips32.o
 .mdebug.abi32  0x0000000000000000        0x0 kernel/mips32/exception.mips32.o
 .mdebug.abi32  0x0000000000000000        0x0 vm/mips32/mm_virt.mips32.o
 .mdebug.abi32  0x0000000000000000        0x0 vm/mips32/tlb.mips32.o
 .mdebug.abi32  0x0000000000000000        0x0 vm/mips32/mm_phys.mips32.o
 .mdebug.abi32  0x0000000000000000        0x0 drivers/mips32/disk.mips32.o
 .mdebug.abi32  0x0000000000000000        0x0 drivers/mips32/metadev.mips32.o
 .mdebug.abi32  0x0000000000000000        0x0 drivers/mips32/polltty.mips32.o
 .mdebug.abi32  0x0000000000000000        0x0 drivers/mips32/tty.mips32.o
 .mdebug.abi32  0x0000000000000000        0x0 drivers/mips32/device.mips32.o
 .mdebug.abi32  0x0000000000000000        0x0 drivers/mips32/drivers.mips32.o
 .mdebug.abi32  0x0000000000000000        0x0 proc/mips32/exception.mips32.o
 .mdebug.abi32  0x0000000000000000        0x0 proc/mips32/_syscall.mips32.o
 .mdebug.abi32  0x0000000000000000        0x0 proc/mips32/_proc.mips32.o

.comment        0x0000000000000000       0x11
 .comment       0x0000000000000000       0x11 init/common.mips32.o
                                         0x12 (size before relaxing)
 .comment       0x0000000000000011       0x12 kernel/panic.mips32.o
 .comment       0x0000000000000011       0x12 kernel/thread.mips32.o
 .comment       0x0000000000000011       0x12 kernel/scheduler.mips32.o
 .comment       0x0000000000000011       0x12 kernel/sleepq.mips32.o
 .comment       0x0000000000000011       0x12 kernel/semaphore.mips32.o
 .comment       0x0000000000000011       0x12 kernel/halt.mips32.o
 .comment       0x0000000000000011       0x12 kernel/stalloc.mips32.o
 .comment       0x0000000000000011       0x12 lib/libc.mips32.o
 .comment       0x0000000000000011       0x12 lib/xprintf.mips32.o
 .comment       0x0000000000000011       0x12 lib/bitmap.mips32.o
 .comment       0x0000000000000011       0x12 lib/debug.mips32.o
 .comment       0x0000000000000011       0x12 drivers/bootargs.mips32.o
 .comment       0x0000000000000011       0x12 drivers/disksched.mips32.o
 .comment       0x0000000000000011       0x12 drivers/timer.mips32.o
 .comment       0x0000000000000011       0x12 proc/elf.mips32.o
 .comment       0x0000000000000011       0x12 proc/syscall.mips32.o
 .comment       0x0000000000000011       0x12 proc/process.mips32.o
 .comment       0x0000000000000011       0x12 fs/vfs.mips32.o
 .comment       0x0000000000000011       0x12 fs/tfs.mips32.o
 .comment       0x0000000000000011       0x12 fs/filesystems.mips32.o
 .comment       0x0000000000000011       0x12 lib/gcc/divdi3.mips32.o
 .comment       0x0000000000000011       0x12 lib/gcc/qdivrem.mips32.o
 .comment       0x0000000000000011       0x12 lib/gcc/udivdi3.mips32.o
 .comment       0x0000000000000011       0x12 lib/gcc/umoddi3.mips32.o
 .comment       0x0000000000000011       0x12 vm/memory.mips32.o
 .comment       0x0000000000000011       0x12 init/mips32/main.mips32.o
 .comment       0x0000000000000011       0x12 kernel/mips32/cswitch.mips32.o
 .comment       0x0000000000000011       0x12 kernel/mips32/interrupt.mips32.o
 .comment       0x0000000000000011       0x12 kernel/mips32/exception.mips32.o
 .comment       0x0000000000000011       0x12 vm/mips32/mm_virt.mips32.o
 .comment       0x0000000000000011       0x12 vm/mips32/tlb.mips32.o
 .comment       0x0000000000000011       0x12 vm/mips32/mm_phys.mips32.o
 .comment       0x0000000000000011       0x12 drivers/mips32/disk.mips32.o
 .comment       0x0000000000000011       0x12 drivers/mips32/metadev.mips32.o
 .comment       0x0000000000000011       0x12 drivers/mips32/polltty.mips32.o
 .comment       0x0000000000000011       0x12 drivers/mips32/tty.mips32.o
 .comment       0x0000000000000011       0x12 drivers/mips32/device.mips32.o
 .comment       0x0000000000000011       0x12 drivers/mips32/drivers.mips32.o
 .comment       0x0000000000000011       0x12 proc/mips32/exception.mips32.o
 .comment       0x0000000000000011       0x12 proc/mips32/_syscall.mips32.o
 .comment       0x0000000000000011       0x12 proc/mips32/_proc.mips32.o

.gnu.attributes
                0x0000000000000000       0x10
 .gnu.attributes
                0x0000000000000000       0x10 init/common.mips32.o
 .gnu.attributes
                0x0000000000000010       0x10 kernel/panic.mips32.o
 .gnu.attributes
                0x0000000000000020       0x10 kernel/thread.mips32.o
 .gnu.attributes
                0x0000000000000030       0x10 kernel/scheduler.mips32.o
 .gnu.attributes
                0x0000000000000040       0x10 kernel/sleepq.mips32.o
 .gnu.attributes
                0x0000000000000050       0x10 kernel/semaphore.mips32.o
 .gnu.attributes
                0x0000000000000060       0x10 kernel/halt.mips32.o
 .gnu.attributes
                0x0000000000000070       0x10 kernel/stalloc.mips32.o
 .gnu.attributes
                0x0000000000000080       0x10 lib/libc.mips32.o
 .gnu.attributes
                0x0000000000000090       0x10 lib/xprintf.mips32.o
 .gnu.attributes
                0x00000000000000a0       0x10 lib/bitmap.mips32.o
 .gnu.attributes
                0x00000000000000b0       0x10 lib/debug.mips32.o
 .gnu.attributes
                0x00000000000000c0       0x10 drivers/bootargs.mips32.o
 .gnu.attributes
                0x00000000000000d0       0x10 drivers/disksched.mips32.o
 .gnu.attributes
                0x00000000000000e0       0x10 drivers/timer.mips32.o
 .gnu.attributes
                0x00000000000000f0       0x10 proc/elf.mips32.o
 .gnu.attributes
                0x0000000000000100       0x10 proc/syscall.mips32.o
 .gnu.attributes
                0x0000000000000110       0x10 proc/process.mips32.o
 .gnu.attributes
                0x0000000000000120       0x10 fs/vfs.mips32.o
 .gnu.attributes
                0x0000000000000130       0x10 fs/tfs.mips32.o
 .gnu.attributes
                0x0000000000000140       0x10 fs/filesystems.mips32.o
 .gnu.attributes
                0x0000000000000150       0x10 lib/gcc/divdi3.mips32.o
 .gnu.attributes
                0x0000000000000160       0x10 lib/gcc/qdivrem.mips32.o
 .gnu.attributes
                0x0000000000000170       0x10 lib/gcc/udivdi3.mips32.o
 .gnu.attributes
                0x0000000000000180       0x10 lib/gcc/umoddi3.mips32.o
 .gnu.attributes
                0x0000000000000190       0x10 init/mips32/_boot.mips32.o
 .gnu.attributes
                0x00000000000001a0       0x10 kernel/mips32/_cswitch.mips32.o
 .gnu.attributes
                0x00000000000001b0       0x10 kernel/mips32/_interrupt.mips32.o
 .gnu.attributes
                0x00000000000001c0       0x10 kernel/mips32/_spinlock.mips32.o
 .gnu.attributes
                0x00000000000001d0       0x10 kernel/mips32/idle.mips32.o
 .gnu.attributes
                0x00000000000001e0       0x10 vm/mips32/_tlb.mips32.o
 .gnu.attributes
                0x00000000000001f0       0x10 lib/mips32/rand.mips32.o
 .gnu.attributes
                0x0000000000000200       0x10 drivers/mips32/_timer.mips32.o
 .gnu.attributes
                0x0000000000000210       0x10 vm/memory.mips32.o
 .gnu.attributes
                0x0000000000000220       0x10 init/mips32/main.mips32.o
 .gnu.attributes
                0x0000000000000230       0x10 kernel/mips32/cswitch.mips32.o
 .gnu.attributes
                0x0000000000000240       0x10 kernel/mips32/interrupt.mips32.o
 .gnu.attributes
                0x0000000000000250       0x10 kernel/mips32/exception.mips32.o
 .gnu.attributes
                0x0000000000000260       0x10 vm/mips32/mm_virt.mips32.o
 .gnu.attributes
                0x0000000000000270       0x10 vm/mips32/tlb.mips32.o
 .gnu.attributes
                0x0000000000000280       0x10 vm/mips32/mm_phys.mips32.o
 .gnu.attributes
                0x0000000000000290       0x10 drivers/mips32/disk.mips32.o
 .gnu.attributes
                0x00000000000002a0       0x10 drivers/mips32/metadev.mips32.o
 .gnu.attributes
                0x00000000000002b0       0x10 drivers/mips32/polltty.mips32.o
 .gnu.attributes
                0x00000000000002c0       0x10 drivers/mips32/tty.mips32.o
 .gnu.attributes
                0x00000000000002d0       0x10 drivers/mips32/device.mips32.o
 .gnu.attributes
                0x00000000000002e0       0x10 drivers/mips32/drivers.mips32.o
 .gnu.attributes
                0x00000000000002f0       0x10 proc/mips32/exception.mips32.o
 .gnu.attributes
                0x0000000000000300       0x10 proc/mips32/_syscall.mips32.o
 .gnu.attributes
                0x0000000000000310       0x10 proc/mips32/_proc.mips32.o

.debug_info     0x0000000000000000     0xd98e
 .debug_info    0x0000000000000000      0x55c init/common.mips32.o
 .debug_info    0x000000000000055c      0x140 kernel/panic.mips32.o
 .debug_info    0x000000000000069c      0x8ae kernel/thread.mips32.o
 .debug_info    0x0000000000000f4a      0x614 kernel/scheduler.mips32.o
 .debug_info    0x000000000000155e      0x6ff kernel/sleepq.mips32.o
 .debug_info    0x0000000000001c5d      0x425 kernel/semaphore.mips32.o
 .debug_info    0x0000000000002082       0xed kernel/halt.mips32.o
 .debug_info    0x000000000000216f      0x177 kernel/stalloc.mips32.o
 .debug_info    0x00000000000022e6      0x488 lib/libc.mips32.o
 .debug_info    0x000000000000276e      0xab0 lib/xprintf.mips32.o
 .debug_info    0x000000000000321e      0x36e lib/bitmap.mips32.o
 .debug_info    0x000000000000358c      0x115 lib/debug.mips32.o
 .debug_info    0x00000000000036a1      0x260 drivers/bootargs.mips32.o
 .debug_info    0x0000000000003901      0x1b5 drivers/disksched.mips32.o
 .debug_info    0x0000000000003ab6       0xfe drivers/timer.mips32.o
 .debug_info    0x0000000000003bb4      0x5e1 proc/elf.mips32.o
 .debug_info    0x0000000000004195      0x1ae proc/syscall.mips32.o
 .debug_info    0x0000000000004343     0x1124 proc/process.mips32.o
 .debug_info    0x0000000000005467     0x1869 fs/vfs.mips32.o
 .debug_info    0x0000000000006cd0     0x1286 fs/tfs.mips32.o
 .debug_info    0x0000000000007f56      0xa32 fs/filesystems.mips32.o
 .debug_info    0x0000000000008988      0x131 lib/gcc/divdi3.mips32.o
 .debug_info    0x0000000000008ab9      0x34a lib/gcc/qdivrem.mips32.o
 .debug_info    0x0000000000008e03       0xbf lib/gcc/udivdi3.mips32.o
 .debug_info    0x0000000000008ec2       0xcc lib/gcc/umoddi3.mips32.o
 .debug_info    0x0000000000008f8e      0x2f9 vm/memory.mips32.o
 .debug_info    0x0000000000009287      0x5dc init/mips32/main.mips32.o
 .debug_info    0x0000000000009863      0x20f kernel/mips32/cswitch.mips32.o
 .debug_info    0x0000000000009a72      0x4d7 kernel/mips32/interrupt.mips32.o
 .debug_info    0x0000000000009f49      0x3f9 kernel/mips32/exception.mips32.o
 .debug_info    0x000000000000a342      0x505 vm/mips32/mm_virt.mips32.o
 .debug_info    0x000000000000a847      0x2f4 vm/mips32/tlb.mips32.o
 .debug_info    0x000000000000ab3b      0x59f vm/mips32/mm_phys.mips32.o
 .debug_info    0x000000000000b0da      0xa78 drivers/mips32/disk.mips32.o
 .debug_info    0x000000000000bb52      0x714 drivers/mips32/metadev.mips32.o
 .debug_info    0x000000000000c266      0x1a8 drivers/mips32/polltty.mips32.o
 .debug_info    0x000000000000c40e      0x75f drivers/mips32/tty.mips32.o
 .debug_info    0x000000000000cb6d      0x31e drivers/mips32/device.mips32.o
 .debug_info    0x000000000000ce8b      0x1c2 drivers/mips32/drivers.mips32.o
 .debug_info    0x000000000000d04d      0x5e8 proc/mips32/exception.mips32.o
 .debug_info    0x000000000000d635      0x11a proc/mips32/_syscall.mips32.o
 .debug_info    0x000000000000d74f      0x23f proc/mips32/_proc.mips32.o

.debug_abbrev   0x0000000000000000     0x3b0d
 .debug_abbrev  0x0000000000000000      0x155 init/common.mips32.o
 .debug_abbrev  0x0000000000000155       0xae kernel/panic.mips32.o
 .debug_abbrev  0x0000000000000203      0x29b kernel/thread.mips32.o
 .debug_abbrev  0x000000000000049e      0x201 kernel/scheduler.mips32.o
 .debug_abbrev  0x000000000000069f      0x1d8 kernel/sleepq.mips32.o
 .debug_abbrev  0x0000000000000877      0x14c kernel/semaphore.mips32.o
 .debug_abbrev  0x00000000000009c3       0x87 kernel/halt.mips32.o
 .debug_abbrev  0x0000000000000a4a       0xfd kernel/stalloc.mips32.o
 .debug_abbrev  0x0000000000000b47      0x18c lib/libc.mips32.o
 .debug_abbrev  0x0000000000000cd3      0x22c lib/xprintf.mips32.o
 .debug_abbrev  0x0000000000000eff      0x19b lib/bitmap.mips32.o
 .debug_abbrev  0x000000000000109a       0xb9 lib/debug.mips32.o
 .debug_abbrev  0x0000000000001153      0x1ac drivers/bootargs.mips32.o
 .debug_abbrev  0x00000000000012ff       0xd8 drivers/disksched.mips32.o
 .debug_abbrev  0x00000000000013d7       0xb2 drivers/timer.mips32.o
 .debug_abbrev  0x0000000000001489      0x12f proc/elf.mips32.o
 .debug_abbrev  0x00000000000015b8       0xb6 proc/syscall.mips32.o
 .debug_abbrev  0x000000000000166e      0x2a9 proc/process.mips32.o
 .debug_abbrev  0x0000000000001917      0x363 fs/vfs.mips32.o
 .debug_abbrev  0x0000000000001c7a      0x22a fs/tfs.mips32.o
 .debug_abbrev  0x0000000000001ea4      0x23a fs/filesystems.mips32.o
 .debug_abbrev  0x00000000000020de       0xa6 lib/gcc/divdi3.mips32.o
 .debug_abbrev  0x0000000000002184      0x15b lib/gcc/qdivrem.mips32.o
 .debug_abbrev  0x00000000000022df       0x8a lib/gcc/udivdi3.mips32.o
 .debug_abbrev  0x0000000000002369       0x99 lib/gcc/umoddi3.mips32.o
 .debug_abbrev  0x0000000000002402      0x127 vm/memory.mips32.o
 .debug_abbrev  0x0000000000002529       0xcc init/mips32/main.mips32.o
 .debug_abbrev  0x00000000000025f5      0x105 kernel/mips32/cswitch.mips32.o
 .debug_abbrev  0x00000000000026fa      0x1ae kernel/mips32/interrupt.mips32.o
 .debug_abbrev  0x00000000000028a8      0x100 kernel/mips32/exception.mips32.o
 .debug_abbrev  0x00000000000029a8      0x18b vm/mips32/mm_virt.mips32.o
 .debug_abbrev  0x0000000000002b33      0x12c vm/mips32/tlb.mips32.o
 .debug_abbrev  0x0000000000002c5f      0x17b vm/mips32/mm_phys.mips32.o
 .debug_abbrev  0x0000000000002dda      0x2a9 drivers/mips32/disk.mips32.o
 .debug_abbrev  0x0000000000003083      0x1e3 drivers/mips32/metadev.mips32.o
 .debug_abbrev  0x0000000000003266       0xfb drivers/mips32/polltty.mips32.o
 .debug_abbrev  0x0000000000003361      0x1d9 drivers/mips32/tty.mips32.o
 .debug_abbrev  0x000000000000353a      0x1cb drivers/mips32/device.mips32.o
 .debug_abbrev  0x0000000000003705       0xaa drivers/mips32/drivers.mips32.o
 .debug_abbrev  0x00000000000037af      0x173 proc/mips32/exception.mips32.o
 .debug_abbrev  0x0000000000003922       0xc9 proc/mips32/_syscall.mips32.o
 .debug_abbrev  0x00000000000039eb      0x122 proc/mips32/_proc.mips32.o

.debug_loc      0x0000000000000000     0x83be
 .debug_loc     0x0000000000000000       0xc0 init/common.mips32.o
 .debug_loc     0x00000000000000c0       0x97 kernel/panic.mips32.o
 .debug_loc     0x0000000000000157      0x29e kernel/thread.mips32.o
 .debug_loc     0x00000000000003f5      0x140 kernel/scheduler.mips32.o
 .debug_loc     0x0000000000000535      0x306 kernel/sleepq.mips32.o
 .debug_loc     0x000000000000083b      0x225 kernel/semaphore.mips32.o
 .debug_loc     0x0000000000000a60       0x60 kernel/stalloc.mips32.o
 .debug_loc     0x0000000000000ac0      0x6e5 lib/libc.mips32.o
 .debug_loc     0x00000000000011a5     0x1656 lib/xprintf.mips32.o
 .debug_loc     0x00000000000027fb      0x587 lib/bitmap.mips32.o
 .debug_loc     0x0000000000002d82       0x4d lib/debug.mips32.o
 .debug_loc     0x0000000000002dcf      0x2ed drivers/bootargs.mips32.o
 .debug_loc     0x00000000000030bc       0x54 drivers/timer.mips32.o
 .debug_loc     0x0000000000003110      0x1bc proc/elf.mips32.o
 .debug_loc     0x00000000000032cc      0x22f proc/syscall.mips32.o
 .debug_loc     0x00000000000034fb      0x9e3 proc/process.mips32.o
 .debug_loc     0x0000000000003ede      0xeeb fs/vfs.mips32.o
 .debug_loc     0x0000000000004dc9      0xd83 fs/tfs.mips32.o
 .debug_loc     0x0000000000005b4c      0x5a1 fs/filesystems.mips32.o
 .debug_loc     0x00000000000060ed      0x1cc lib/gcc/divdi3.mips32.o
 .debug_loc     0x00000000000062b9      0x676 lib/gcc/qdivrem.mips32.o
 .debug_loc     0x000000000000692f       0x50 lib/gcc/udivdi3.mips32.o
 .debug_loc     0x000000000000697f       0x50 lib/gcc/umoddi3.mips32.o
 .debug_loc     0x00000000000069cf      0x194 vm/memory.mips32.o
 .debug_loc     0x0000000000006b63       0x4f init/mips32/main.mips32.o
 .debug_loc     0x0000000000006bb2       0x41 kernel/mips32/cswitch.mips32.o
 .debug_loc     0x0000000000006bf3      0x25a kernel/mips32/interrupt.mips32.o
 .debug_loc     0x0000000000006e4d       0x6b kernel/mips32/exception.mips32.o
 .debug_loc     0x0000000000006eb8      0x3a1 vm/mips32/mm_virt.mips32.o
 .debug_loc     0x0000000000007259       0x42 vm/mips32/tlb.mips32.o
 .debug_loc     0x000000000000729b      0x266 vm/mips32/mm_phys.mips32.o
 .debug_loc     0x0000000000007501      0x4f5 drivers/mips32/disk.mips32.o
 .debug_loc     0x00000000000079f6      0x3ab drivers/mips32/metadev.mips32.o
 .debug_loc     0x0000000000007da1       0x22 drivers/mips32/polltty.mips32.o
 .debug_loc     0x0000000000007dc3      0x43c drivers/mips32/tty.mips32.o
 .debug_loc     0x00000000000081ff       0xdf drivers/mips32/device.mips32.o
 .debug_loc     0x00000000000082de       0x60 proc/mips32/exception.mips32.o
 .debug_loc     0x000000000000833e       0x2c proc/mips32/_syscall.mips32.o
 .debug_loc     0x000000000000836a       0x54 proc/mips32/_proc.mips32.o

.debug_aranges  0x0000000000000000      0x538
 .debug_aranges
                0x0000000000000000       0x20 init/common.mips32.o
 .debug_aranges
                0x0000000000000020       0x20 kernel/panic.mips32.o
 .debug_aranges
                0x0000000000000040       0x20 kernel/thread.mips32.o
 .debug_aranges
                0x0000000000000060       0x20 kernel/scheduler.mips32.o
 .debug_aranges
                0x0000000000000080       0x20 kernel/sleepq.mips32.o
 .debug_aranges
                0x00000000000000a0       0x20 kernel/semaphore.mips32.o
 .debug_aranges
                0x00000000000000c0       0x20 kernel/halt.mips32.o
 .debug_aranges
                0x00000000000000e0       0x20 kernel/stalloc.mips32.o
 .debug_aranges
                0x0000000000000100       0x20 lib/libc.mips32.o
 .debug_aranges
                0x0000000000000120       0x20 lib/xprintf.mips32.o
 .debug_aranges
                0x0000000000000140       0x20 lib/bitmap.mips32.o
 .debug_aranges
                0x0000000000000160       0x20 lib/debug.mips32.o
 .debug_aranges
                0x0000000000000180       0x20 drivers/bootargs.mips32.o
 .debug_aranges
                0x00000000000001a0       0x20 drivers/disksched.mips32.o
 .debug_aranges
                0x00000000000001c0       0x20 drivers/timer.mips32.o
 .debug_aranges
                0x00000000000001e0       0x20 proc/elf.mips32.o
 .debug_aranges
                0x0000000000000200       0x20 proc/syscall.mips32.o
 .debug_aranges
                0x0000000000000220       0x20 proc/process.mips32.o
 .debug_aranges
                0x0000000000000240       0x20 fs/vfs.mips32.o
 .debug_aranges
                0x0000000000000260       0x20 fs/tfs.mips32.o
 .debug_aranges
                0x0000000000000280       0x20 fs/filesystems.mips32.o
 .debug_aranges
                0x00000000000002a0       0x20 lib/gcc/divdi3.mips32.o
 .debug_aranges
                0x00000000000002c0       0x20 lib/gcc/qdivrem.mips32.o
 .debug_aranges
                0x00000000000002e0       0x20 lib/gcc/udivdi3.mips32.o
 .debug_aranges
                0x0000000000000300       0x20 lib/gcc/umoddi3.mips32.o
 .debug_aranges
                0x0000000000000320       0x20 vm/memory.mips32.o
 .debug_aranges
                0x0000000000000340       0x20 init/mips32/main.mips32.o
 .debug_aranges
                0x0000000000000360       0x20 kernel/mips32/cswitch.mips32.o
 .debug_aranges
                0x0000000000000380       0x20 kernel/mips32/interrupt.mips32.o
 .debug_aranges
                0x00000000000003a0       0x20 kernel/mips32/exception.mips32.o
 .debug_aranges
                0x00000000000003c0       0x20 vm/mips32/mm_virt.mips32.o
 .debug_aranges
                0x00000000000003e0       0x20 vm/mips32/tlb.mips32.o
 .debug_aranges
                0x0000000000000400       0x20 vm/mips32/mm_phys.mips32.o
 .debug_aranges
                0x0000000000000420       0x20 drivers/mips32/disk.mips32.o
 .debug_aranges
                0x0000000000000440       0x20 drivers/mips32/metadev.mips32.o
 .debug_aranges
                0x0000000000000460       0x20 drivers/mips32/polltty.mips32.o
 .debug_aranges
                0x0000000000000480       0x20 drivers/mips32/tty.mips32.o
 .debug_aranges
                0x00000000000004a0       0x20 drivers/mips32/device.mips32.o
 .debug_aranges
                0x00000000000004c0       0x18 drivers/mips32/drivers.mips32.o
 .debug_aranges
                0x00000000000004d8       0x20 proc/mips32/exception.mips32.o
 .debug_aranges
                0x00000000000004f8       0x20 proc/mips32/_syscall.mips32.o
 .debug_aranges
                0x0000000000000518       0x20 proc/mips32/_proc.mips32.o

.debug_ranges   0x0000000000000000      0x448
 .debug_ranges  0x0000000000000000       0x20 init/common.mips32.o
 .debug_ranges  0x0000000000000020       0x18 kernel/thread.mips32.o
 .debug_ranges  0x0000000000000038       0x20 kernel/scheduler.mips32.o
 .debug_ranges  0x0000000000000058      0x108 lib/xprintf.mips32.o
 .debug_ranges  0x0000000000000160       0x10 proc/syscall.mips32.o
 .debug_ranges  0x0000000000000170       0xa0 proc/process.mips32.o
 .debug_ranges  0x0000000000000210       0xe8 fs/vfs.mips32.o
 .debug_ranges  0x00000000000002f8       0x48 fs/filesystems.mips32.o
 .debug_ranges  0x0000000000000340       0x40 lib/gcc/qdivrem.mips32.o
 .debug_ranges  0x0000000000000380       0x40 vm/memory.mips32.o
 .debug_ranges  0x00000000000003c0       0x18 vm/mips32/mm_virt.mips32.o
 .debug_ranges  0x00000000000003d8       0x18 drivers/mips32/disk.mips32.o
 .debug_ranges  0x00000000000003f0       0x40 drivers/mips32/tty.mips32.o
 .debug_ranges  0x0000000000000430       0x18 drivers/mips32/device.mips32.o

.debug_line     0x0000000000000000     0x398c
 .debug_line    0x0000000000000000      0x14c init/common.mips32.o
 .debug_line    0x000000000000014c       0x84 kernel/panic.mips32.o
 .debug_line    0x00000000000001d0      0x1f3 kernel/thread.mips32.o
 .debug_line    0x00000000000003c3      0x1ab kernel/scheduler.mips32.o
 .debug_line    0x000000000000056e      0x1cd kernel/sleepq.mips32.o
 .debug_line    0x000000000000073b      0x142 kernel/semaphore.mips32.o
 .debug_line    0x000000000000087d       0x79 kernel/halt.mips32.o
 .debug_line    0x00000000000008f6       0x8e kernel/stalloc.mips32.o
 .debug_line    0x0000000000000984      0x19f lib/libc.mips32.o
 .debug_line    0x0000000000000b23      0x315 lib/xprintf.mips32.o
 .debug_line    0x0000000000000e38      0x132 lib/bitmap.mips32.o
 .debug_line    0x0000000000000f6a       0xa7 lib/debug.mips32.o
 .debug_line    0x0000000000001011      0x102 drivers/bootargs.mips32.o
 .debug_line    0x0000000000001113       0xa6 drivers/disksched.mips32.o
 .debug_line    0x00000000000011b9       0x8e drivers/timer.mips32.o
 .debug_line    0x0000000000001247      0x14d proc/elf.mips32.o
 .debug_line    0x0000000000001394       0xaf proc/syscall.mips32.o
 .debug_line    0x0000000000001443      0x2ec proc/process.mips32.o
 .debug_line    0x000000000000172f      0x491 fs/vfs.mips32.o
 .debug_line    0x0000000000001bc0      0x4cf fs/tfs.mips32.o
 .debug_line    0x000000000000208f      0x1d6 fs/filesystems.mips32.o
 .debug_line    0x0000000000002265       0x65 lib/gcc/divdi3.mips32.o
 .debug_line    0x00000000000022ca      0x176 lib/gcc/qdivrem.mips32.o
 .debug_line    0x0000000000002440       0x59 lib/gcc/udivdi3.mips32.o
 .debug_line    0x0000000000002499       0x59 lib/gcc/umoddi3.mips32.o
 .debug_line    0x00000000000024f2       0xd8 vm/memory.mips32.o
 .debug_line    0x00000000000025ca      0x173 init/mips32/main.mips32.o
 .debug_line    0x000000000000273d       0x8d kernel/mips32/cswitch.mips32.o
 .debug_line    0x00000000000027ca      0x1d2 kernel/mips32/interrupt.mips32.o
 .debug_line    0x000000000000299c      0x105 kernel/mips32/exception.mips32.o
 .debug_line    0x0000000000002aa1      0x1c5 vm/mips32/mm_virt.mips32.o
 .debug_line    0x0000000000002c66       0xad vm/mips32/tlb.mips32.o
 .debug_line    0x0000000000002d13      0x180 vm/mips32/mm_phys.mips32.o
 .debug_line    0x0000000000002e93      0x23c drivers/mips32/disk.mips32.o
 .debug_line    0x00000000000030cf      0x1cd drivers/mips32/metadev.mips32.o
 .debug_line    0x000000000000329c       0xb0 drivers/mips32/polltty.mips32.o
 .debug_line    0x000000000000334c      0x220 drivers/mips32/tty.mips32.o
 .debug_line    0x000000000000356c      0x113 drivers/mips32/device.mips32.o
 .debug_line    0x000000000000367f       0x8f drivers/mips32/drivers.mips32.o
 .debug_line    0x000000000000370e      0x130 proc/mips32/exception.mips32.o
 .debug_line    0x000000000000383e       0x98 proc/mips32/_syscall.mips32.o
 .debug_line    0x00000000000038d6       0xb6 proc/mips32/_proc.mips32.o

.debug_str      0x0000000000000000     0x1c24
 .debug_str     0x0000000000000000      0x1d2 init/common.mips32.o
                                        0x219 (size before relaxing)
 .debug_str     0x00000000000001d2       0x45 kernel/panic.mips32.o
                                        0x12f (size before relaxing)
 .debug_str     0x0000000000000217      0x3a5 kernel/thread.mips32.o
                                        0x4cb (size before relaxing)
 .debug_str     0x00000000000005bc       0x9d kernel/scheduler.mips32.o
                                        0x402 (size before relaxing)
 .debug_str     0x0000000000000659       0x9c kernel/sleepq.mips32.o
                                        0x3ee (size before relaxing)
 .debug_str     0x00000000000006f5       0x9e kernel/semaphore.mips32.o
                                        0x254 (size before relaxing)
 .debug_str     0x0000000000000793       0x19 kernel/halt.mips32.o
                                         0xfc (size before relaxing)
 .debug_str     0x00000000000007ac       0x68 kernel/stalloc.mips32.o
                                        0x145 (size before relaxing)
 .debug_str     0x0000000000000814       0xd7 lib/libc.mips32.o
                                        0x1cd (size before relaxing)
 .debug_str     0x00000000000008eb       0x9d lib/xprintf.mips32.o
                                        0x23e (size before relaxing)
 .debug_str     0x0000000000000988       0x6e lib/bitmap.mips32.o
                                        0x148 (size before relaxing)
 .debug_str     0x00000000000009f6       0x22 lib/debug.mips32.o
                                        0x129 (size before relaxing)
 .debug_str     0x0000000000000a18       0x8b drivers/bootargs.mips32.o
                                        0x181 (size before relaxing)
 .debug_str     0x0000000000000aa3       0x9f drivers/disksched.mips32.o
                                        0x1b8 (size before relaxing)
 .debug_str     0x0000000000000b42       0x21 drivers/timer.mips32.o
                                        0x14d (size before relaxing)
 .debug_str     0x0000000000000b63      0x1eb proc/elf.mips32.o
                                        0x2e2 (size before relaxing)
 .debug_str     0x0000000000000d4e       0x7d proc/syscall.mips32.o
                                        0x16b (size before relaxing)
 .debug_str     0x0000000000000dcb      0x16c proc/process.mips32.o
                                        0x66e (size before relaxing)
 .debug_str     0x0000000000000f37      0x1f2 fs/vfs.mips32.o
                                        0x531 (size before relaxing)
 .debug_str     0x0000000000001129      0x10c fs/tfs.mips32.o
                                        0x4fc (size before relaxing)
 .debug_str     0x0000000000001235      0x11d fs/filesystems.mips32.o
                                        0x47a (size before relaxing)
 .debug_str     0x0000000000001352       0x2d lib/gcc/divdi3.mips32.o
                                         0xbe (size before relaxing)
 .debug_str     0x000000000000137f       0x4f lib/gcc/qdivrem.mips32.o
                                        0x106 (size before relaxing)
 .debug_str     0x00000000000013ce       0x1c lib/gcc/udivdi3.mips32.o
                                         0xb9 (size before relaxing)
 .debug_str     0x00000000000013ea       0x1c lib/gcc/umoddi3.mips32.o
                                         0xb9 (size before relaxing)
 .debug_str     0x0000000000001406       0x32 vm/memory.mips32.o
                                        0x1d4 (size before relaxing)
 .debug_str     0x0000000000001438       0x9f init/mips32/main.mips32.o
                                        0x24c (size before relaxing)
 .debug_str     0x00000000000014d7       0x3c kernel/mips32/cswitch.mips32.o
                                        0x1a3 (size before relaxing)
 .debug_str     0x0000000000001513       0xd6 kernel/mips32/interrupt.mips32.o
                                        0x31c (size before relaxing)
 .debug_str     0x00000000000015e9       0xaa kernel/mips32/exception.mips32.o
                                        0x1e5 (size before relaxing)
 .debug_str     0x0000000000001693       0x40 vm/mips32/mm_virt.mips32.o
                                        0x251 (size before relaxing)
 .debug_str     0x00000000000016d3       0x79 vm/mips32/tlb.mips32.o
                                        0x1cc (size before relaxing)
 .debug_str     0x000000000000174c       0xe3 vm/mips32/mm_phys.mips32.o
                                        0x324 (size before relaxing)
 .debug_str     0x000000000000182f      0x109 drivers/mips32/disk.mips32.o
                                        0x466 (size before relaxing)
 .debug_str     0x0000000000001938      0x122 drivers/mips32/metadev.mips32.o
                                        0x38e (size before relaxing)
 .debug_str     0x0000000000001a5a       0x36 drivers/mips32/polltty.mips32.o
                                        0x18f (size before relaxing)
 .debug_str     0x0000000000001a90       0x8f drivers/mips32/tty.mips32.o
                                        0x33e (size before relaxing)
 .debug_str     0x0000000000001b1f       0x7b drivers/mips32/device.mips32.o
                                        0x1f0 (size before relaxing)
 .debug_str     0x0000000000001b9a       0x19 drivers/mips32/drivers.mips32.o
                                        0x1a0 (size before relaxing)
 .debug_str     0x0000000000001bb3       0x46 proc/mips32/exception.mips32.o
                                        0x32b (size before relaxing)
 .debug_str     0x0000000000001bf9       0x17 proc/mips32/_syscall.mips32.o
                                        0x132 (size before relaxing)
 .debug_str     0x0000000000001c10       0x14 proc/mips32/_proc.mips32.o
                                        0x1bb (size before relaxing)

.debug_frame    0x0000000000000000     0x1a88
 .debug_frame   0x0000000000000000       0x60 init/common.mips32.o
 .debug_frame   0x0000000000000060       0x38 kernel/panic.mips32.o
 .debug_frame   0x0000000000000098      0x138 kernel/thread.mips32.o
 .debug_frame   0x00000000000001d0       0xa4 kernel/scheduler.mips32.o
 .debug_frame   0x0000000000000274       0xd4 kernel/sleepq.mips32.o
 .debug_frame   0x0000000000000348       0xc8 kernel/semaphore.mips32.o
 .debug_frame   0x0000000000000410       0x2c kernel/halt.mips32.o
 .debug_frame   0x000000000000043c       0x54 kernel/stalloc.mips32.o
 .debug_frame   0x0000000000000490      0x134 lib/libc.mips32.o
 .debug_frame   0x00000000000005c4      0x118 lib/xprintf.mips32.o
 .debug_frame   0x00000000000006dc       0xe4 lib/bitmap.mips32.o
 .debug_frame   0x00000000000007c0       0x30 lib/debug.mips32.o
 .debug_frame   0x00000000000007f0       0x4c drivers/bootargs.mips32.o
 .debug_frame   0x000000000000083c       0x20 drivers/disksched.mips32.o
 .debug_frame   0x000000000000085c       0x30 drivers/timer.mips32.o
 .debug_frame   0x000000000000088c       0x48 proc/elf.mips32.o
 .debug_frame   0x00000000000008d4       0x4c proc/syscall.mips32.o
 .debug_frame   0x0000000000000920      0x158 proc/process.mips32.o
 .debug_frame   0x0000000000000a78      0x378 fs/vfs.mips32.o
 .debug_frame   0x0000000000000df0      0x208 fs/tfs.mips32.o
 .debug_frame   0x0000000000000ff8       0xb0 fs/filesystems.mips32.o
 .debug_frame   0x00000000000010a8       0x34 lib/gcc/divdi3.mips32.o
 .debug_frame   0x00000000000010dc       0x60 lib/gcc/qdivrem.mips32.o
 .debug_frame   0x000000000000113c       0x2c lib/gcc/udivdi3.mips32.o
 .debug_frame   0x0000000000001168       0x2c lib/gcc/umoddi3.mips32.o
 .debug_frame   0x0000000000001194       0x48 vm/memory.mips32.o
 .debug_frame   0x00000000000011dc       0x38 init/mips32/main.mips32.o
 .debug_frame   0x0000000000001214       0x60 kernel/mips32/cswitch.mips32.o
 .debug_frame   0x0000000000001274       0xb8 kernel/mips32/interrupt.mips32.o
 .debug_frame   0x000000000000132c       0x50 kernel/mips32/exception.mips32.o
 .debug_frame   0x000000000000137c      0x114 vm/mips32/mm_virt.mips32.o
 .debug_frame   0x0000000000001490       0x6c vm/mips32/tlb.mips32.o
 .debug_frame   0x00000000000014fc       0xd4 vm/mips32/mm_phys.mips32.o
 .debug_frame   0x00000000000015d0      0x140 drivers/mips32/disk.mips32.o
 .debug_frame   0x0000000000001710      0x178 drivers/mips32/metadev.mips32.o
 .debug_frame   0x0000000000001888       0x40 drivers/mips32/polltty.mips32.o
 .debug_frame   0x00000000000018c8       0xd8 drivers/mips32/tty.mips32.o
 .debug_frame   0x00000000000019a0       0x54 drivers/mips32/device.mips32.o
 .debug_frame   0x00000000000019f4       0x34 proc/mips32/exception.mips32.o
 .debug_frame   0x0000000000001a28       0x30 proc/mips32/_syscall.mips32.o
 .debug_frame   0x0000000000001a58       0x30 proc/mips32/_proc.mips32.o

.stab           0x0000000000000000     0x1560
 .stab          0x0000000000000000       0xfc init/mips32/_boot.mips32.o
 .stab          0x00000000000000fc      0x9d8 kernel/mips32/_cswitch.mips32.o
                                        0x9e4 (size before relaxing)
 .stab          0x0000000000000ad4      0x3f0 kernel/mips32/_interrupt.mips32.o
                                        0x3fc (size before relaxing)
 .stab          0x0000000000000ec4       0xb4 kernel/mips32/_spinlock.mips32.o
                                         0xc0 (size before relaxing)
 .stab          0x0000000000000f78       0x54 kernel/mips32/idle.mips32.o
                                         0x60 (size before relaxing)
 .stab          0x0000000000000fcc      0x444 vm/mips32/_tlb.mips32.o
                                        0x450 (size before relaxing)
 .stab          0x0000000000001410       0xe4 lib/mips32/rand.mips32.o
                                         0xf0 (size before relaxing)
 .stab          0x00000000000014f4       0x6c drivers/mips32/_timer.mips32.o
                                         0x78 (size before relaxing)

.stabstr        0x0000000000000000      0x3db
 .stabstr       0x0000000000000000      0x3db init/mips32/_boot.mips32.o

Cross Reference Table

Symbol                                            File
DEBUG                                             lib/debug.mips32.o
                                                  init/common.mips32.o
KERNEL_ENDS_HERE                                  kernel/stalloc.mips32.o
__divdi3                                          lib/gcc/divdi3.mips32.o
__qdivrem                                         lib/gcc/qdivrem.mips32.o
                                                  lib/gcc/umoddi3.mips32.o
                                                  lib/gcc/udivdi3.mips32.o
                                                  lib/gcc/divdi3.mips32.o
__udivdi3                                         lib/gcc/udivdi3.mips32.o
__umoddi3                                         lib/gcc/umoddi3.mips32.o
_context_enable_ints                              kernel/mips32/cswitch.mips32.o
                                                  kernel/thread.mips32.o
_context_enter_userland                           kernel/mips32/cswitch.mips32.o
                                                  kernel/thread.mips32.o
_context_init                                     kernel/mips32/cswitch.mips32.o
                                                  kernel/thread.mips32.o
_context_set_ip                                   kernel/mips32/cswitch.mips32.o
                                                  proc/process.mips32.o
                                                  kernel/thread.mips32.o
_context_set_sp                                   kernel/mips32/cswitch.mips32.o
                                                  proc/process.mips32.o
                                                  kernel/thread.mips32.o
_cswitch_switch                                   kernel/mips32/_cswitch.mips32.o
_cswitch_to_userland                              kernel/mips32/_cswitch.mips32.o
                                                  kernel/mips32/cswitch.mips32.o
_cswitch_vector_code                              kernel/mips32/_cswitch.mips32.o
                                                  kernel/mips32/interrupt.mips32.o
_get_rand                                         lib/mips32/rand.mips32.o
                                                  kernel/scheduler.mips32.o
_idle_thread_wait_loop                            kernel/mips32/idle.mips32.o
                                                  init/mips32/_boot.mips32.o
                                                  kernel/thread.mips32.o
_interrupt_clear_EXL                              kernel/mips32/_interrupt.mips32.o
                                                  proc/mips32/exception.mips32.o
                                                  kernel/mips32/exception.mips32.o
_interrupt_clear_bootstrap                        kernel/mips32/_interrupt.mips32.o
                                                  init/mips32/main.mips32.o
                                                  init/mips32/_boot.mips32.o
_interrupt_clear_sw                               kernel/mips32/_interrupt.mips32.o
_interrupt_clear_sw0                              kernel/mips32/_interrupt.mips32.o
                                                  kernel/mips32/interrupt.mips32.o
_interrupt_clear_sw1                              kernel/mips32/_interrupt.mips32.o
_interrupt_disable                                kernel/mips32/_interrupt.mips32.o
                                                  proc/mips32/_proc.mips32.o
                                                  proc/mips32/exception.mips32.o
                                                  drivers/mips32/tty.mips32.o
                                                  drivers/mips32/metadev.mips32.o
                                                  drivers/mips32/disk.mips32.o
                                                  vm/mips32/mm_phys.mips32.o
                                                  kernel/mips32/exception.mips32.o
                                                  drivers/timer.mips32.o
                                                  lib/xprintf.mips32.o
                                                  kernel/semaphore.mips32.o
                                                  kernel/sleepq.mips32.o
                                                  kernel/scheduler.mips32.o
                                                  kernel/thread.mips32.o
                                                  kernel/panic.mips32.o
_interrupt_enable                                 kernel/mips32/_interrupt.mips32.o
                                                  proc/mips32/exception.mips32.o
                                                  init/mips32/main.mips32.o
                                                  init/mips32/_boot.mips32.o
                                                  kernel/thread.mips32.o
_interrupt_get_state                              kernel/mips32/_interrupt.mips32.o
                                                  kernel/mips32/interrupt.mips32.o
_interrupt_getcpu                                 kernel/mips32/_interrupt.mips32.o
                                                  drivers/mips32/metadev.mips32.o
                                                  kernel/mips32/interrupt.mips32.o
                                                  kernel/scheduler.mips32.o
                                                  kernel/thread.mips32.o
                                                  kernel/panic.mips32.o
_interrupt_is_disabled                            kernel/mips32/interrupt.mips32.o
                                                  kernel/sleepq.mips32.o
_interrupt_set_EXL                                kernel/mips32/_interrupt.mips32.o
                                                  proc/mips32/exception.mips32.o
                                                  kernel/mips32/exception.mips32.o
_interrupt_set_state                              kernel/mips32/_interrupt.mips32.o
                                                  proc/mips32/_proc.mips32.o
                                                  drivers/mips32/tty.mips32.o
                                                  drivers/mips32/metadev.mips32.o
                                                  drivers/mips32/disk.mips32.o
                                                  vm/mips32/mm_phys.mips32.o
                                                  kernel/mips32/exception.mips32.o
                                                  drivers/timer.mips32.o
                                                  lib/xprintf.mips32.o
                                                  kernel/semaphore.mips32.o
                                                  kernel/sleepq.mips32.o
                                                  kernel/scheduler.mips32.o
                                                  kernel/thread.mips32.o
_interrupt_yield                                  kernel/mips32/_interrupt.mips32.o
                                                  init/mips32/_boot.mips32.o
                                                  kernel/thread.mips32.o
_kernel_panic                                     kernel/panic.mips32.o
                                                  proc/mips32/exception.mips32.o
                                                  drivers/mips32/tty.mips32.o
                                                  drivers/mips32/metadev.mips32.o
                                                  drivers/mips32/disk.mips32.o
                                                  vm/mips32/mm_phys.mips32.o
                                                  vm/mips32/tlb.mips32.o
                                                  vm/mips32/mm_virt.mips32.o
                                                  kernel/mips32/exception.mips32.o
                                                  kernel/mips32/interrupt.mips32.o
                                                  init/mips32/main.mips32.o
                                                  vm/memory.mips32.o
                                                  fs/vfs.mips32.o
                                                  proc/process.mips32.o
                                                  proc/syscall.mips32.o
                                                  lib/bitmap.mips32.o
                                                  kernel/stalloc.mips32.o
                                                  kernel/semaphore.mips32.o
                                                  kernel/sleepq.mips32.o
                                                  kernel/scheduler.mips32.o
                                                  kernel/thread.mips32.o
                                                  init/common.mips32.o
_set_rand_seed                                    lib/mips32/rand.mips32.o
                                                  init/mips32/main.mips32.o
_start                                            init/mips32/_boot.mips32.o
_timer_set_ticks                                  drivers/mips32/_timer.mips32.o
                                                  drivers/timer.mips32.o
_tlb_get_exception_state                          vm/mips32/_tlb.mips32.o
                                                  kernel/mips32/exception.mips32.o
_tlb_get_maxindex                                 vm/mips32/_tlb.mips32.o
                                                  vm/mips32/tlb.mips32.o
_tlb_probe                                        vm/mips32/_tlb.mips32.o
_tlb_read                                         vm/mips32/_tlb.mips32.o
_tlb_set_asid                                     vm/mips32/_tlb.mips32.o
                                                  vm/mips32/tlb.mips32.o
_tlb_write                                        vm/mips32/_tlb.mips32.o
                                                  vm/mips32/tlb.mips32.o
_tlb_write_random                                 vm/mips32/_tlb.mips32.o
atoi                                              lib/libc.mips32.o
                                                  init/mips32/main.mips32.o
bitmap_findnset                                   lib/bitmap.mips32.o
                                                  vm/mips32/mm_phys.mips32.o
                                                  fs/tfs.mips32.o
bitmap_get                                        lib/bitmap.mips32.o
                                                  vm/mips32/mm_phys.mips32.o
                                                  fs/tfs.mips32.o
bitmap_init                                       lib/bitmap.mips32.o
                                                  vm/mips32/mm_phys.mips32.o
bitmap_set                                        lib/bitmap.mips32.o
                                                  vm/mips32/mm_phys.mips32.o
                                                  fs/tfs.mips32.o
bitmap_sizeof                                     lib/bitmap.mips32.o
                                                  vm/mips32/mm_phys.mips32.o
bootargs_get                                      drivers/bootargs.mips32.o
                                                  init/mips32/main.mips32.o
                                                  lib/debug.mips32.o
                                                  init/common.mips32.o
bootargs_init                                     drivers/bootargs.mips32.o
                                                  init/mips32/main.mips32.o
cpustatus_count                                   drivers/mips32/metadev.mips32.o
                                                  init/mips32/main.mips32.o
cpustatus_generate_irq                            drivers/mips32/metadev.mips32.o
cpustatus_init                                    drivers/mips32/metadev.mips32.o
                                                  drivers/mips32/drivers.mips32.o
cpustatus_interrupt_handle                        drivers/mips32/metadev.mips32.o
device_get                                        drivers/mips32/device.mips32.o
                                                  fs/vfs.mips32.o
                                                  proc/process.mips32.o
                                                  init/common.mips32.o
device_init                                       drivers/mips32/device.mips32.o
                                                  init/mips32/main.mips32.o
disk_init                                         drivers/mips32/disk.mips32.o
                                                  drivers/mips32/drivers.mips32.o
disksched_schedule                                drivers/disksched.mips32.o
                                                  drivers/mips32/disk.mips32.o
drivers_available                                 drivers/mips32/drivers.mips32.o
                                                  drivers/mips32/device.mips32.o
elf_parse_header                                  proc/elf.mips32.o
                                                  proc/process.mips32.o
filesystems_try_all                               fs/filesystems.mips32.o
                                                  fs/vfs.mips32.o
from_big_endian16                                 lib/libc.mips32.o
from_big_endian32                                 lib/libc.mips32.o
                                                  fs/tfs.mips32.o
                                                  proc/elf.mips32.o
get_partition                                     fs/filesystems.mips32.o
halt_kernel                                       kernel/halt.mips32.o
                                                  proc/syscall.mips32.o
                                                  init/common.mips32.o
init                                              init/mips32/main.mips32.o
                                                  init/mips32/_boot.mips32.o
init_startup_fallback                             init/common.mips32.o
init_startup_thread                               init/common.mips32.o
                                                  init/mips32/main.mips32.o
interrupt_handle                                  kernel/mips32/interrupt.mips32.o
                                                  kernel/mips32/_cswitch.mips32.o
interrupt_init                                    kernel/mips32/interrupt.mips32.o
                                                  init/mips32/main.mips32.o
interrupt_register                                kernel/mips32/interrupt.mips32.o
                                                  drivers/mips32/tty.mips32.o
                                                  drivers/mips32/metadev.mips32.o
                                                  drivers/mips32/disk.mips32.o
interrupt_stacks                                  kernel/mips32/interrupt.mips32.o
                                                  kernel/mips32/_cswitch.mips32.o
kernel_bootstrap_finished                         init/mips32/main.mips32.o
                                                  init/mips32/_boot.mips32.o
kernel_exception_handle                           kernel/mips32/exception.mips32.o
                                                  kernel/mips32/_cswitch.mips32.o
kprintf                                           lib/xprintf.mips32.o
                                                  drivers/mips32/device.mips32.o
                                                  drivers/mips32/metadev.mips32.o
                                                  drivers/mips32/disk.mips32.o
                                                  vm/mips32/mm_phys.mips32.o
                                                  vm/mips32/mm_virt.mips32.o
                                                  kernel/mips32/exception.mips32.o
                                                  kernel/mips32/interrupt.mips32.o
                                                  init/mips32/main.mips32.o
                                                  fs/filesystems.mips32.o
                                                  fs/tfs.mips32.o
                                                  fs/vfs.mips32.o
                                                  kernel/halt.mips32.o
                                                  kernel/panic.mips32.o
                                                  init/common.mips32.o
kprintf_slock                                     lib/xprintf.mips32.o
                                                  drivers/mips32/tty.mips32.o
kread                                             lib/libc.mips32.o
kvprintf                                          lib/xprintf.mips32.o
                                                  lib/debug.mips32.o
kwrite                                            lib/libc.mips32.o
                                                  init/mips32/main.mips32.o
                                                  proc/process.mips32.o
memcopy                                           lib/libc.mips32.o
                                                  vm/memory.mips32.o
                                                  fs/tfs.mips32.o
                                                  proc/elf.mips32.o
meminfo_get_pages                                 drivers/mips32/metadev.mips32.o
meminfo_init                                      drivers/mips32/metadev.mips32.o
                                                  drivers/mips32/drivers.mips32.o
memoryset                                         lib/libc.mips32.o
                                                  fs/tfs.mips32.o
                                                  proc/process.mips32.o
                                                  proc/elf.mips32.o
physmem_allocblock                                vm/mips32/mm_phys.mips32.o
                                                  vm/mips32/mm_virt.mips32.o
                                                  fs/filesystems.mips32.o
                                                  fs/tfs.mips32.o
                                                  proc/process.mips32.o
physmem_freeblock                                 vm/mips32/mm_phys.mips32.o
                                                  vm/mips32/mm_virt.mips32.o
                                                  fs/filesystems.mips32.o
                                                  fs/tfs.mips32.o
physmem_get_reserved_size                         vm/mips32/mm_phys.mips32.o
physmem_get_size                                  vm/mips32/mm_phys.mips32.o
physmem_init                                      vm/mips32/mm_phys.mips32.o
                                                  vm/mips32/mm_virt.mips32.o
polltty_getchar                                   drivers/mips32/polltty.mips32.o
                                                  lib/libc.mips32.o
polltty_init                                      drivers/mips32/polltty.mips32.o
                                                  init/mips32/main.mips32.o
polltty_putchar                                   drivers/mips32/polltty.mips32.o
                                                  lib/xprintf.mips32.o
                                                  lib/libc.mips32.o
process_entry_points                              proc/process.mips32.o
process_exit_silly                                proc/process.mips32.o
                                                  proc/syscall.mips32.o
process_read                                      proc/process.mips32.o
                                                  proc/syscall.mips32.o
process_run                                       proc/process.mips32.o
process_set_pagetable                             proc/mips32/_proc.mips32.o
                                                  proc/process.mips32.o
process_spawn_silly                               proc/process.mips32.o
                                                  proc/syscall.mips32.o
process_stack_tops                                proc/process.mips32.o
process_start                                     proc/process.mips32.o
                                                  init/common.mips32.o
process_write                                     proc/process.mips32.o
                                                  proc/syscall.mips32.o
read_extended_partition_table                     fs/filesystems.mips32.o
rtc_get_clockspeed                                drivers/mips32/metadev.mips32.o
rtc_get_msec                                      drivers/mips32/metadev.mips32.o
rtc_init                                          drivers/mips32/metadev.mips32.o
                                                  drivers/mips32/drivers.mips32.o
scheduler_add_ready                               kernel/scheduler.mips32.o
                                                  kernel/thread.mips32.o
scheduler_add_to_ready_list                       kernel/scheduler.mips32.o
                                                  kernel/sleepq.mips32.o
scheduler_current_thread                          kernel/scheduler.mips32.o
                                                  kernel/mips32/interrupt.mips32.o
                                                  kernel/mips32/_cswitch.mips32.o
                                                  kernel/thread.mips32.o
scheduler_init                                    kernel/scheduler.mips32.o
                                                  init/mips32/main.mips32.o
scheduler_schedule                                kernel/scheduler.mips32.o
                                                  kernel/mips32/interrupt.mips32.o
semaphore_P                                       kernel/semaphore.mips32.o
                                                  drivers/mips32/disk.mips32.o
                                                  fs/tfs.mips32.o
                                                  fs/vfs.mips32.o
semaphore_V                                       kernel/semaphore.mips32.o
                                                  drivers/mips32/disk.mips32.o
                                                  fs/tfs.mips32.o
                                                  fs/vfs.mips32.o
semaphore_create                                  kernel/semaphore.mips32.o
                                                  drivers/mips32/disk.mips32.o
                                                  fs/tfs.mips32.o
                                                  fs/vfs.mips32.o
semaphore_destroy                                 kernel/semaphore.mips32.o
                                                  drivers/mips32/disk.mips32.o
                                                  fs/tfs.mips32.o
semaphore_init                                    kernel/semaphore.mips32.o
                                                  init/mips32/main.mips32.o
setup_new_process                                 proc/process.mips32.o
shutdown                                          drivers/mips32/metadev.mips32.o
                                                  kernel/halt.mips32.o
                                                  kernel/panic.mips32.o
shutdown_init                                     drivers/mips32/metadev.mips32.o
                                                  drivers/mips32/drivers.mips32.o